// Jest Snapshot v1, https://goo.gl/fbAQLP

exports[`renders correctly 1`] = `
<DocumentFragment>
  <header
    class="header"
  >
    <nav
      class="wrapper wrapper"
    >
      <a
        href="/"
      >
        <img
          class="logo"
          src=""
        />
        <span
          class="title"
        >
          Oompa Loompa's Crew
        </span>
      </a>
    </nav>
  </header>
</DocumentFragment>
`;
