// Jest Snapshot v1, https://goo.gl/fbAQLP

exports[`renders correctly 1`] = `
<DocumentFragment>
  <div
    class="searchNav"
  >
    <div
      class="wrapper"
    >
      <form
        class="searchForm"
      >
        <div
          class="searchFormGroup"
        >
          <input
            class="searchInput"
            placeholder="Search"
            type="text"
            value=""
          />
          <div
            class="searchIcon"
          >
            <img
              src=""
              width="15"
            />
          </div>
        </div>
      </form>
    </div>
  </div>
</DocumentFragment>
`;
